// Jest Snapshot v1, https://goo.gl/fbAQLP

exports[`matches snapshot 1`] = `
<DocumentFragment>
  <div
    class="calendar"
  >
    <h1>
      YOUR PROGRAM
    </h1>
    <div
      class="header row flex-middle"
    >
      <div
        class="col col-start"
      >
        <div
          class="icon"
        >
          chevron_left
        </div>
      </div>
      <div
        class="col col-center"
      >
        <span>
          June 02023
        </span>
      </div>
      <div
        class="col col-end"
      >
        <div
          class="icon"
        >
          chevron_right
        </div>
      </div>
    </div>
    <div
      class="days row"
    >
      <div
        class="col col-center"
      >
        0025
      </div>
    </div>
    <div
      class="body"
    >
      <div
        class="row"
      >
        <div
          class="col cell disabled"
        >
          <div>
            <a
              href="/personal-workout/undefined"
            >
              <p
                id="displayedWorkout"
              />
            </a>
          </div>
          <span
            class="number"
          >
            28
          </span>
        </div>
        <div
          class="col cell disabled"
        >
          <div>
            <a
              href="/personal-workout/undefined"
            >
              <p
                id="displayedWorkout"
              />
            </a>
          </div>
          <span
            class="number"
          >
            29
          </span>
        </div>
        <div
          class="col cell disabled"
        >
          <div>
            <a
              href="/personal-workout/undefined"
            >
              <p
                id="displayedWorkout"
              />
            </a>
          </div>
          <span
            class="number"
          >
            30
          </span>
        </div>
        <div
          class="col cell disabled"
        >
          <div>
            <a
              href="/personal-workout/undefined"
            >
              <p
                id="displayedWorkout"
              />
            </a>
          </div>
          <span
            class="number"
          >
            31
          </span>
        </div>
        <div
          class="col cell "
        >
          <div>
            <a
              href="/personal-workout/undefined"
            >
              <p
                id="displayedWorkout"
              />
            </a>
          </div>
          <span
            class="number"
          >
            1
          </span>
        </div>
        <div
          class="col cell "
        >
          <div>
            <a
              href="/personal-workout/undefined"
            >
              <p
                id="displayedWorkout"
              />
            </a>
          </div>
          <span
            class="number"
          >
            2
          </span>
        </div>
        <div
          class="col cell "
        >
          <div>
            <a
              href="/personal-workout/undefined"
            >
              <p
                id="displayedWorkout"
              />
            </a>
          </div>
          <span
            class="number"
          >
            3
          </span>
        </div>
      </div>
      <div
        class="row"
      >
        <div
          class="col cell "
        >
          <div>
            <a
              href="/personal-workout/undefined"
            >
              <p
                id="displayedWorkout"
              />
            </a>
          </div>
          <span
            class="number"
          >
            4
          </span>
        </div>
        <div
          class="col cell "
        >
          <div>
            <a
              href="/personal-workout/undefined"
            >
              <p
                id="displayedWorkout"
              />
            </a>
          </div>
          <span
            class="number"
          >
            5
          </span>
        </div>
        <div
          class="col cell "
        >
          <div>
            <a
              href="/personal-workout/undefined"
            >
              <p
                id="displayedWorkout"
              />
            </a>
          </div>
          <span
            class="number"
          >
            6
          </span>
        </div>
        <div
          class="col cell "
        >
          <div>
            <a
              href="/personal-workout/undefined"
            >
              <p
                id="displayedWorkout"
              />
            </a>
          </div>
          <span
            class="number"
          >
            7
          </span>
        </div>
        <div
          class="col cell "
        >
          <div>
            <a
              href="/personal-workout/undefined"
            >
              <p
                id="displayedWorkout"
              />
            </a>
          </div>
          <span
            class="number"
          >
            8
          </span>
        </div>
        <div
          class="col cell "
        >
          <div>
            <a
              href="/personal-workout/undefined"
            >
              <p
                id="displayedWorkout"
              />
            </a>
          </div>
          <span
            class="number"
          >
            9
          </span>
        </div>
        <div
          class="col cell "
        >
          <div>
            <a
              href="/personal-workout/undefined"
            >
              <p
                id="displayedWorkout"
              />
            </a>
          </div>
          <span
            class="number"
          >
            10
          </span>
        </div>
      </div>
      <div
        class="row"
      >
        <div
          class="col cell "
        >
          <div>
            <a
              href="/personal-workout/undefined"
            >
              <p
                id="displayedWorkout"
              />
            </a>
          </div>
          <span
            class="number"
          >
            11
          </span>
        </div>
        <div
          class="col cell "
        >
          <div>
            <a
              href="/personal-workout/undefined"
            >
              <p
                id="displayedWorkout"
              />
            </a>
          </div>
          <span
            class="number"
          >
            12
          </span>
        </div>
        <div
          class="col cell "
        >
          <div>
            <a
              href="/personal-workout/undefined"
            >
              <p
                id="displayedWorkout"
              />
            </a>
          </div>
          <span
            class="number"
          >
            13
          </span>
        </div>
        <div
          class="col cell "
        >
          <div>
            <a
              href="/personal-workout/undefined"
            >
              <p
                id="displayedWorkout"
              />
            </a>
          </div>
          <span
            class="number"
          >
            14
          </span>
        </div>
        <div
          class="col cell "
        >
          <div>
            <a
              href="/personal-workout/undefined"
            >
              <p
                id="displayedWorkout"
              />
            </a>
          </div>
          <span
            class="number"
          >
            15
          </span>
        </div>
        <div
          class="col cell "
        >
          <div>
            <a
              href="/personal-workout/undefined"
            >
              <p
                id="displayedWorkout"
              />
            </a>
          </div>
          <span
            class="number"
          >
            16
          </span>
        </div>
        <div
          class="col cell "
        >
          <div>
            <a
              href="/personal-workout/undefined"
            >
              <p
                id="displayedWorkout"
              />
            </a>
          </div>
          <span
            class="number"
          >
            17
          </span>
        </div>
      </div>
      <div
        class="row"
      >
        <div
          class="col cell "
        >
          <div>
            <a
              href="/personal-workout/undefined"
            >
              <p
                id="displayedWorkout"
              />
            </a>
          </div>
          <span
            class="number"
          >
            18
          </span>
        </div>
        <div
          class="col cell "
        >
          <div>
            <a
              href="/personal-workout/undefined"
            >
              <p
                id="displayedWorkout"
              />
            </a>
          </div>
          <span
            class="number"
          >
            19
          </span>
        </div>
        <div
          class="col cell "
        >
          <div>
            <a
              href="/personal-workout/undefined"
            >
              <p
                id="displayedWorkout"
              />
            </a>
          </div>
          <span
            class="number"
          >
            20
          </span>
        </div>
        <div
          class="col cell "
        >
          <div>
            <a
              href="/personal-workout/undefined"
            >
              <p
                id="displayedWorkout"
              />
            </a>
          </div>
          <span
            class="number"
          >
            21
          </span>
        </div>
        <div
          class="col cell "
        >
          <div>
            <a
              href="/personal-workout/undefined"
            >
              <p
                id="displayedWorkout"
              />
            </a>
          </div>
          <span
            class="number"
          >
            22
          </span>
        </div>
        <div
          class="col cell "
        >
          <div>
            <a
              href="/personal-workout/undefined"
            >
              <p
                id="displayedWorkout"
              />
            </a>
          </div>
          <span
            class="number"
          >
            23
          </span>
        </div>
        <div
          class="col cell "
        >
          <div>
            <a
              href="/personal-workout/undefined"
            >
              <p
                id="displayedWorkout"
              />
            </a>
          </div>
          <span
            class="number"
          >
            24
          </span>
        </div>
      </div>
      <div
        class="row"
      >
        <div
          class="col cell "
        >
          <div>
            <a
              href="/personal-workout/undefined"
            >
              <p
                id="displayedWorkout"
              />
            </a>
          </div>
          <span
            class="number"
          >
            25
          </span>
        </div>
        <div
          class="col cell selected"
        >
          <div>
            <a
              href="/personal-workout/undefined"
            >
              <p
                id="displayedWorkout"
              />
            </a>
          </div>
          <span
            class="number"
          >
            26
          </span>
        </div>
        <div
          class="col cell "
        >
          <div>
            <a
              href="/personal-workout/undefined"
            >
              <p
                id="displayedWorkout"
              />
            </a>
          </div>
          <span
            class="number"
          >
            27
          </span>
        </div>
        <div
          class="col cell "
        >
          <div>
            <a
              href="/personal-workout/undefined"
            >
              <p
                id="displayedWorkout"
              />
            </a>
          </div>
          <span
            class="number"
          >
            28
          </span>
        </div>
        <div
          class="col cell "
        >
          <div>
            <a
              href="/personal-workout/undefined"
            >
              <p
                id="displayedWorkout"
              />
            </a>
          </div>
          <span
            class="number"
          >
            29
          </span>
        </div>
        <div
          class="col cell "
        >
          <div>
            <a
              href="/personal-workout/undefined"
            >
              <p
                id="displayedWorkout"
              />
            </a>
          </div>
          <span
            class="number"
          >
            30
          </span>
        </div>
        <div
          class="col cell disabled"
        >
          <div>
            <a
              href="/personal-workout/undefined"
            >
              <p
                id="displayedWorkout"
              />
            </a>
          </div>
          <span
            class="number"
          >
            1
          </span>
        </div>
      </div>
    </div>
  </div>
</DocumentFragment>
`;
